<html>
<body>
<pre>
<h1>µVision Build Log</h1>
<h2>Project:</h2>
E:\github upload\proteus\1.led blink\keil code\project\proj.uvproj
Project File Date:  12/18/2023

<h2>Output:</h2>
Rebuild target 'Target 1'
assembling Startup.s...
compiling code.c...
..\code.c(2): warning:  #1295-D: Deprecated declaration delay - give arg types
  void delay();
..\code.c(13): warning:  #111-D: statement is unreachable
  return 0;             
..\code.c(20): warning:  #1-D: last line of file ends without a newline
  }
..\code.c: 3 warnings, 0 errors
linking...
Program Size: Code=808 RO-data=16 RW-data=0 ZI-data=1256  
FromELF: creating hex file...
".\proj.axf" - 0 Error(s), 3 Warning(s).
</pre>
</body>
</html>
cated declaration delay - give arg types
  void delay();
..\code.c(13): warning:  #111-D: statement is unreachable
  return 0;             
..\code.c(20): warning:  #1-D: last line of file ends without a newline
  }
..\code.c: 3 warnings, 0 errors
"..\code.c" - 0 Error(s), 3 Warning(s).
